Patient 1 got in line
Patient 1 starting seeing the doctor
Patient 2 got in line
Patient 3 got in line
Patient 4 got in line
Patient 5 got in line
Patient 6 got in line
Patient 7 got in line
Patient 8 got in line
Patient 9 got in line
Patient 10 got in line
Patient 11 got in line
Patient 12 got in line
Patient 1 finished seeing the doctor
Patient 2 starting seeing the doctor
Patient 2 finished seeing the doctor
Patient 3 starting seeing the doctor
Patient 3 finished seeing the doctor
Patient 4 starting seeing the doctor
Patient 4 finished seeing the doctor
Patient 5 starting seeing the doctor
Patient 5 finished seeing the doctor
Patient 6 starting seeing the doctor
Patient 6 finished seeing the doctor
Patient 7 starting seeing the doctor
Patient 7 finished seeing the doctor
Patient 8 starting seeing the doctor
Patient 8 finished seeing the doctor
Patient 9 starting seeing the doctor
Patient 9 finished seeing the doctor
Patient 10 starting seeing the doctor
Patient 10 finished seeing the doctor
Patient 11 starting seeing the doctor
Patient 11 finished seeing the doctor
Patient 12 starting seeing the doctor
Patient 12 finished seeing the doctor
All patients have left
